// Jest Snapshot v1, https://goo.gl/fbAQLP

exports[`yarnLockCheck throws if any yaml.locks contains wrong registries 1`] = `
"
You pushed changes to the yarn.lock with the wrong registry.
Please ensure your registry is set to https://registry.com:

packages/package-error/yarn.lock
    https://wrong-registry.com/test-lib

yarn.lock
    https://wrong-registry.com/test-lib

"
`;
